Syntax error: while parsing an 'if' statement: statement or 'fi' expected in \
ConstructPrimitiveIrreducible.g:77

gap> Read("ConstructPrimitiveIrreducible.g");
#I  Already logging to irreducibleResult.txt
Syntax warning: Unbound global variable in ConstructPrimitiveIrreducible.g:38
  GLeSubgroups := Filtered(GLeSubgroups,x->Order(x) = Order(Extraspecial));
                                                            ^^^^^^^^^^^^
Syntax warning: Unbound global variable in ConstructPrimitiveIrreducible.g:39
  GLeSubgroups := Filtered(GLeSubgroups,x->IdGroup(x) = IdGroup(Extraspecial)\
);
                                                                ^^^^^^^^^^^^

 --- 
2^1 & 3^1 & 2 & 8 & 48 & 48 & 4 & 2hline
 --- 
2^1 & 3^1 & 2 & 8 & 48 & 48 & 3 & 3hline
 --- 
2^1 & 3^1 & 2 & 8 & 48 & 48 & 2 & 8hline
 --- 
2^1 & 3^1 & 2 & 8 & 48 & 48 & 2 & 8hline
 --- 
2^1 & 3^1 & 2 & 8 & 48 & 48 & 2 & 16hline
 --- 
2^1 & 3^1 & 2 & 8 & 48 & 48 & 2 & 24hline
 --- 
2^1 & 3^1 & 2 & 8 & 48 & 48 & 2 & 48hline
gap> Read("ConstructPrimitiveIrreducible.g");
#I  Already logging to irreducibleResult.txt
1C2C2
 --- 
2^1 & 3^1 & 2 & 8 & 48 & 48 & 4 & 2hlineC3
 --- 
2^1 & 3^1 & 2 & 8 & 48 & 48 & 3 & 3hlineQ8
 --- 
2^1 & 3^1 & 2 & 8 & 48 & 48 & 2 & 8hlineC8
 --- 
2^1 & 3^1 & 2 & 8 & 48 & 48 & 2 & 8hlineQD16
 --- 
2^1 & 3^1 & 2 & 8 & 48 & 48 & 2 & 16hlineSL(2,3)
 --- 
2^1 & 3^1 & 2 & 8 & 48 & 48 & 2 & 24hlineGL(2,3)
 --- 
2^1 & 3^1 & 2 & 8 & 48 & 48 & 2 & 48hline
gap> Read("ConstructPrimitiveIrreducible.g");
#I  Already logging to irreducibleResult.txt

 --- 
1
 --- 
C2
 --- 
C2
2^1 & 3^1 & 2 & 8 & 48 & 48 & 4 & 2hline
 --- 
C3
2^1 & 3^1 & 2 & 8 & 48 & 48 & 3 & 3hline
 --- 
Q8
2^1 & 3^1 & 2 & 8 & 48 & 48 & 2 & 8hline
 --- 
C8
2^1 & 3^1 & 2 & 8 & 48 & 48 & 2 & 8hline
 --- 
QD16
2^1 & 3^1 & 2 & 8 & 48 & 48 & 2 & 16hline
 --- 
SL(2,3)
2^1 & 3^1 & 2 & 8 & 48 & 48 & 2 & 24hline
 --- 
GL(2,3)
2^1 & 3^1 & 2 & 8 & 48 & 48 & 2 & 48hline
gap> Read("ConstructPrimitiveIrreducible.g");
#I  Already logging to irreducibleResult.txt

 --- 
1
 --- 
C2
 --- 
C2
2^1 & 3^1 & 2 & 8 & 48 & 48 & 4 & 2hline
 --- 
C3
2^1 & 3^1 & 2 & 8 & 48 & 48 & 3 & 3hline
 --- 
Q8
2^1 & 3^1 & 2 & 8 & 48 & 48 & 2 & 8hline
 --- 
C8
2^1 & 3^1 & 2 & 8 & 48 & 48 & 2 & 8hline
 --- 
QD16
2^1 & 3^1 & 2 & 8 & 48 & 48 & 2 & 16hline
 --- 
SL(2,3)
2^1 & 3^1 & 2 & 8 & 48 & 48 & 2 & 24hline
 --- 
GL(2,3)
2^1 & 3^1 & 2 & 8 & 48 & 48 & 2 & 48hline
gap> Read("ConstructPrimitiveIrreducible.g");
#I  Already logging to irreducibleResult.txt

 --- 
1[  ]
 --- 
C2[ [ 2, 3 ], [ 4, 7 ], [ 5, 9 ], [ 6, 8 ] ]
 --- 
C2[ [ 2, 4 ], [ 3, 7 ], [ 6, 8 ] ]
2^1 & 3^1 & 2 & 8 & 48 & 48 & 4 & 2hline
 --- 
C3[ [ 2, 6, 7 ], [ 3, 8, 4 ] ]
2^1 & 3^1 & 2 & 8 & 48 & 48 & 3 & 3hline
 --- 
Q8[ [ 2, 3, 4, 6, 7, 8, 5, 9 ] ]
2^1 & 3^1 & 2 & 8 & 48 & 48 & 2 & 8hline
 --- 
C8[ [ 2, 3, 4, 5, 7, 9, 6, 8 ] ]
2^1 & 3^1 & 2 & 8 & 48 & 48 & 2 & 8hline
 --- 
QD16[ [ 2, 4, 7, 6, 3, 5, 9, 8 ] ]
2^1 & 3^1 & 2 & 8 & 48 & 48 & 2 & 16hline
 --- 
SL(2,3)[ [ 2, 3, 4, 6, 7, 8, 5, 9 ] ]
2^1 & 3^1 & 2 & 8 & 48 & 48 & 2 & 24hline
 --- 
GL(2,3)[ [ 2, 9, 8, 3, 6, 7, 5, 4 ] ]
2^1 & 3^1 & 2 & 8 & 48 & 48 & 2 & 48hline
gap> Read("ConstructPrimitiveIrreducible.g");
#I  Already logging to irreducibleResult.txt

 --- 
1what's G0Group( () )[  ]
 --- 
C2what's G0Group( [ (2,3)(4,7)(5,9)(6,8) ] )[ [ 2, 3 ], [ 4, 7 ], [ 5, 9 ], 
  [ 6, 8 ] ]
 --- 
C2what's G0Group( [ (2,4)(3,7)(6,8) ] )[ [ 2, 4 ], [ 3, 7 ], [ 6, 8 ] ]
2^1 & 3^1 & 2 & 8 & 48 & 48 & 4 & 2hline
 --- 
C3what's G0Group( [ (2,6,7)(3,8,4) ] )[ [ 2, 6, 7 ], [ 3, 8, 4 ] ]
2^1 & 3^1 & 2 & 8 & 48 & 48 & 3 & 3hline
 --- 
Q8what's G0Group( [ (2,3)(4,7)(5,9)(6,8), (2,4,3,7)(5,6,9,8), 
  (2,6,3,8)(4,5,7,9) ] )[ [ 2, 3, 4, 6, 7, 8, 5, 9 ] ]
2^1 & 3^1 & 2 & 8 & 48 & 48 & 2 & 8hline
 --- 
C8what's G0Group( [ (2,3)(4,7)(5,9)(6,8), (2,4,3,7)(5,6,9,8), 
  (2,5,7,8,3,9,4,6) ] )[ [ 2, 3, 4, 5, 7, 9, 6, 8 ] ]
2^1 & 3^1 & 2 & 8 & 48 & 48 & 2 & 8hline
 --- 
QD16what's G0Group( [ (2,4)(3,7)(6,8), (2,7)(3,4)(5,9), (2,4,3,7)(5,6,9,8), 
  (2,6,3,8)(4,5,7,9) ] )[ [ 2, 4, 7, 6, 3, 5, 9, 8 ] ]
2^1 & 3^1 & 2 & 8 & 48 & 48 & 2 & 16hline
 --- 
SL(2,3)what's G0Group( [ (2,3)(4,7)(5,9)(6,8), (2,4,3,7)(5,6,9,8), 
  (2,6,3,8)(4,5,7,9), (2,6,7)(3,8,4) ] )[ [ 2, 3, 4, 6, 7, 8, 5, 9 ] ]
2^1 & 3^1 & 2 & 8 & 48 & 48 & 2 & 24hline
 --- 
GL(2,3)what's G0Group( [ (4,7)(5,8)(6,9), (4,6,5)(7,8,9), (2,9,3,5)(4,6,7,8),
  (2,8,3,6)(4,9,7,5), (2,3)(4,7)(5,9)(6,8) ] )[ [ 2, 9, 8, 3, 6, 7, 5, 4 ] ]
2^1 & 3^1 & 2 & 8 & 48 & 48 & 2 & 48hline
gap> Read("ConstructPrimitiveIrreducible.g");
#I  Already logging to irreducibleResult.txt

 --- 
Q8what's G0Group( [ (2,3)(4,7)(5,9)(6,8), (2,4,3,7)(5,6,9,8), 
  (2,6,3,8)(4,5,7,9) ] )[ [ 2, 3, 4, 6, 7, 8, 5, 9 ] ]
2^1 & 3^1 & 2 & 8 & 48 & 48 & 2 & 8hline
 --- 
C8what's G0Group( [ (2,3)(4,7)(5,9)(6,8), (2,4,3,7)(5,6,9,8), 
  (2,5,7,8,3,9,4,6) ] )[ [ 2, 3, 4, 5, 7, 9, 6, 8 ] ]
2^1 & 3^1 & 2 & 8 & 48 & 48 & 2 & 8hline
 --- 
QD16what's G0Group( [ (2,4)(3,7)(6,8), (2,7)(3,4)(5,9), (2,4,3,7)(5,6,9,8), 
  (2,6,3,8)(4,5,7,9) ] )[ [ 2, 4, 7, 6, 3, 5, 9, 8 ] ]
2^1 & 3^1 & 2 & 8 & 48 & 48 & 2 & 16hline
 --- 
SL(2,3)what's G0Group( [ (2,3)(4,7)(5,9)(6,8), (2,4,3,7)(5,6,9,8), 
  (2,6,3,8)(4,5,7,9), (2,6,7)(3,8,4) ] )[ [ 2, 3, 4, 6, 7, 8, 5, 9 ] ]
2^1 & 3^1 & 2 & 8 & 48 & 48 & 2 & 24hline
 --- 
GL(2,3)what's G0Group( [ (4,7)(5,8)(6,9), (4,6,5)(7,8,9), (2,9,3,5)(4,6,7,8),
  (2,8,3,6)(4,9,7,5), (2,3)(4,7)(5,9)(6,8) ] )[ [ 2, 9, 8, 3, 6, 7, 5, 4 ] ]
2^1 & 3^1 & 2 & 8 & 48 & 48 & 2 & 48hline
gap> Read("ConstructPrimitiveIrreducible.g");
#I  Already logging to irreducibleResult.txt
Error, illegal access to record component `IsBound(obj.IsIrreducible)'
of the object <obj>. (Objects by default do not have record components.
The error might be a relic from translated GAP3 code.) at /usr/local/Cellar/gap/4.11.1/libexec/lib/record.gi:171 called from
if not IsBound( module.IsIrreducible ) then
    module.IsIrreducible := SMTX.IrreducibilityTest( module );
fi; at /usr/local/Cellar/gap/4.11.1/libexec/lib/meataxe.gi:1234 called from
MTX.IsIrreducible( G ) at ConstructPrimitiveIrreducible.g:65 called from
<function "unknown">( <arguments> )
 called from read-eval loop at ConstructPrimitiveIrreducible.g:80
you can 'quit;' to quit to outer loop, or
you can 'return;' to continue
brk> quit;
gap> Read("ConstructPrimitiveIrreducible.g");
#I  Already logging to irreducibleResult.txt

 --- 
Q8what's G0Group( [ (2,3)(4,7)(5,9)(6,8), (2,4,3,7)(5,6,9,8), 
  (2,6,3,8)(4,5,7,9) ] )[ [ 2, 3, 4, 6, 7, 8, 5, 9 ] ]
2^1 & 3^1 & 2 & 8 & 48 & 48 & 2 & 8hline
 --- 
C8what's G0Group( [ (2,3)(4,7)(5,9)(6,8), (2,4,3,7)(5,6,9,8), 
  (2,5,7,8,3,9,4,6) ] )[ [ 2, 3, 4, 5, 7, 9, 6, 8 ] ]
2^1 & 3^1 & 2 & 8 & 48 & 48 & 2 & 8hline
 --- 
QD16what's G0Group( [ (2,4)(3,7)(6,8), (2,7)(3,4)(5,9), (2,4,3,7)(5,6,9,8), 
  (2,6,3,8)(4,5,7,9) ] )[ [ 2, 4, 7, 6, 3, 5, 9, 8 ] ]
2^1 & 3^1 & 2 & 8 & 48 & 48 & 2 & 16hline
 --- 
SL(2,3)what's G0Group( [ (2,3)(4,7)(5,9)(6,8), (2,4,3,7)(5,6,9,8), 
  (2,6,3,8)(4,5,7,9), (2,6,7)(3,8,4) ] )[ [ 2, 3, 4, 6, 7, 8, 5, 9 ] ]
2^1 & 3^1 & 2 & 8 & 48 & 48 & 2 & 24hline
 --- 
GL(2,3)what's G0Group( [ (4,7)(5,8)(6,9), (4,6,5)(7,8,9), (2,9,3,5)(4,6,7,8),
  (2,8,3,6)(4,9,7,5), (2,3)(4,7)(5,9)(6,8) ] )[ [ 2, 9, 8, 3, 6, 7, 5, 4 ] ]
2^1 & 3^1 & 2 & 8 & 48 & 48 & 2 & 48hline
gap> Read("ConstructPrimitiveIrreducible.g");
#I  Already logging to irreducibleResult.txt

 --- 
Q8
 what's G0: Group( [ (2,3)(4,7)(5,9)(6,8), (2,4,3,7)(5,6,9,8), 
  (2,6,3,8)(4,5,7,9) ] )
[ [ 2, 3, 4, 6, 7, 8, 5, 9 ] ]
2^1 & 3^1 & 2 & 8 & 48 & 48 & 2 & 8hline
 --- 
C8
 what's G0: Group( [ (2,3)(4,7)(5,9)(6,8), (2,4,3,7)(5,6,9,8), 
  (2,5,7,8,3,9,4,6) ] )
[ [ 2, 3, 4, 5, 7, 9, 6, 8 ] ]
2^1 & 3^1 & 2 & 8 & 48 & 48 & 2 & 8hline
 --- 
QD16
 what's G0: Group( [ (2,4)(3,7)(6,8), (2,7)(3,4)(5,9), (2,4,3,7)(5,6,9,8), 
  (2,6,3,8)(4,5,7,9) ] )
[ [ 2, 4, 7, 6, 3, 5, 9, 8 ] ]
2^1 & 3^1 & 2 & 8 & 48 & 48 & 2 & 16hline
 --- 
SL(2,3)
 what's G0: Group( [ (2,3)(4,7)(5,9)(6,8), (2,4,3,7)(5,6,9,8), 
  (2,6,3,8)(4,5,7,9), (2,6,7)(3,8,4) ] )
[ [ 2, 3, 4, 6, 7, 8, 5, 9 ] ]
2^1 & 3^1 & 2 & 8 & 48 & 48 & 2 & 24hline
 --- 
GL(2,3)
 what's G0: Group( [ (4,7)(5,8)(6,9), (4,6,5)(7,8,9), (2,9,3,5)(4,6,7,8), 
  (2,8,3,6)(4,9,7,5), (2,3)(4,7)(5,9)(6,8) ] )
[ [ 2, 9, 8, 3, 6, 7, 5, 4 ] ]
2^1 & 3^1 & 2 & 8 & 48 & 48 & 2 & 48hline
gap> Print(IsPrimitiveMatrixGroup);
<Property "IsPrimitiveMatrixGroup">
gap> IsPrimitiveMatrixGroup;
<Property "IsPrimitiveMatrixGroup">
gap> Read("ConstructPrimitiveIrreducible.g");
#I  Already logging to irreducibleResult.txt
Error, no method found! For debugging hints type ?Recovery from NoMethodFound
Error, no 1st choice method found for `IsPrimitiveMatrixGroup' on 2 arguments at /usr/local/Cellar/gap/4.11.1/libexec/lib/methsel2.g:249 called from
IsPrimitiveMatrixGroup( G, GF( p ) ^ 2 
 ) at ConstructPrimitiveIrreducible.g:65 called from
<function "unknown">( <arguments> )
 called from read-eval loop at ConstructPrimitiveIrreducible.g:80
type 'quit;' to quit to outer loop
brk> Read("ConstructPrimitiveIrreducible.g");
#I  Already logging to irreducibleResult.txt

 --- 
Q8
 what's G0: Group([ [ [ Z(3), 0*Z(3) ], [ 0*Z(3), Z(3) ] ], 
  [ [ 0*Z(3), Z(3) ], [ Z(3)^0, 0*Z(3) ] ], 
Error, You must give a domain on which the group acts at /usr/local/Cellar/gap/4.11.1/libexec/lib/oprt.gi:1592 called from
Orbits( G0 ) at ConstructPrimitiveIrreducible.g:71 called from
<function "unknown">( <arguments> )
 called from read-eval loop at ConstructPrimitiveIrreducible.g:81
  [ [ Z(3)^0, Z(3)^0 ], [ Z(3)^0, Z(3) ] ] 
 ])you can 'quit;' to quit to outer loop, or
you can 'return;' to continue
brk_2> quit;
brk> quit;
gap> Read("ConstructPrimitiveIrreducible.g");
#I  Already logging to irreducibleResult.txt

 --- 
Q8
 what's G0: Group( [ (2,3)(4,7)(5,9)(6,8), (2,4,3,7)(5,6,9,8), 
  (2,6,3,8)(4,5,7,9) ] )[ [ 2, 3, 4, 6, 7, 8, 5, 9 ] ]
2^1 & 3^1 & 2 & 8 & 48 & 48 & 2 & 8hline
 --- 
C8
 what's G0: Group( [ (2,3)(4,7)(5,9)(6,8), (2,4,3,7)(5,6,9,8), 
  (2,5,7,8,3,9,4,6) ] )[ [ 2, 3, 4, 5, 7, 9, 6, 8 ] ]
2^1 & 3^1 & 2 & 8 & 48 & 48 & 2 & 8hline
 --- 
QD16
 what's G0: Group( [ (2,4)(3,7)(6,8), (2,7)(3,4)(5,9), (2,4,3,7)(5,6,9,8), 
  (2,6,3,8)(4,5,7,9) ] )[ [ 2, 4, 7, 6, 3, 5, 9, 8 ] ]
2^1 & 3^1 & 2 & 8 & 48 & 48 & 2 & 16hline
 --- 
SL(2,3)
 what's G0: Group( [ (2,3)(4,7)(5,9)(6,8), (2,4,3,7)(5,6,9,8), 
  (2,6,3,8)(4,5,7,9), (2,6,7)(3,8,4) ] )[ [ 2, 3, 4, 6, 7, 8, 5, 9 ] ]
2^1 & 3^1 & 2 & 8 & 48 & 48 & 2 & 24hline
 --- 
GL(2,3)
 what's G0: Group( [ (4,7)(5,8)(6,9), (4,6,5)(7,8,9), (2,9,3,5)(4,6,7,8), 
  (2,8,3,6)(4,9,7,5), (2,3)(4,7)(5,9)(6,8) ] )[ [ 2, 9, 8, 3, 6, 7, 5, 4 ] ]
2^1 & 3^1 & 2 & 8 & 48 & 48 & 2 & 48hline
gap> IsomorphicSubgroups(QuaternionGroup(8), Ex);
[ [ (2,5,3,9)(4,8,7,6), (2,7,3,4)(5,8,9,6) ] -> [ x, y ] ]
gap> Ex;
Group([ (2,3)(4,7)(5,9)(6,8), (2,7,3,4)(5,8,9,6), (2,5,3,9)(4,8,7,6) ])
gap> GeneratorsOfGroup(Ex);
[ (2,3)(4,7)(5,9)(6,8), (2,7,3,4)(5,8,9,6), (2,5,3,9)(4,8,7,6) ]
gap> IsomorphicSubgroups(QuaternionGroup(8), CyclicGroup(8));
[  ]
gap> IsomorphicSubgroups(Ex, QuaternionGroup(8));
[ [ x, y ] -> [ (2,4,3,7)(5,6,9,8), (2,5,3,9)(4,8,7,6) ] ]
gap> [] = [];
true
gap> Read("ConstructPrimitiveIrreducible.g");
#I  Already logging to irreducibleResult.txt

 --- 
Q8
 what's G0: Group( [ (2,3)(4,7)(5,9)(6,8), (2,4,3,7)(5,6,9,8), 
  (2,6,3,8)(4,5,7,9) ] )[ [ 2, 3, 4, 6, 7, 8, 5, 9 ] ]
2^1 & 3^1 & 2 & 8 & 48 & 48 & 2 & 8hline
 --- 
QD16
 what's G0: Group( [ (2,4)(3,7)(6,8), (2,7)(3,4)(5,9), (2,4,3,7)(5,6,9,8), 
  (2,6,3,8)(4,5,7,9) ] )[ [ 2, 4, 7, 6, 3, 5, 9, 8 ] ]
2^1 & 3^1 & 2 & 8 & 48 & 48 & 2 & 16hline
 --- 
SL(2,3)
 what's G0: Group( [ (2,3)(4,7)(5,9)(6,8), (2,4,3,7)(5,6,9,8), 
  (2,6,3,8)(4,5,7,9), (2,6,7)(3,8,4) ] )[ [ 2, 3, 4, 6, 7, 8, 5, 9 ] ]
2^1 & 3^1 & 2 & 8 & 48 & 48 & 2 & 24hline
 --- 
GL(2,3)
 what's G0: Group( [ (4,7)(5,8)(6,9), (4,6,5)(7,8,9), (2,9,3,5)(4,6,7,8), 
  (2,8,3,6)(4,9,7,5), (2,3)(4,7)(5,9)(6,8) ] )[ [ 2, 9, 8, 3, 6, 7, 5, 4 ] ]
2^1 & 3^1 & 2 & 8 & 48 & 48 & 2 & 48hline
gap> Print("\\");
\
gap> Print("\\ \\");
\ \
gap> Print("\\\\");
\\
gap> Type(3);
Error, Variable: 'Type' must have a value
not in any function at *stdin*:24
gap> type(3);
Error, Variable: 'type' must have a value
not in any function at *stdin*:25
gap> 3;
3
gap> Read("ConstructPrimitiveIrreducible.g");
#I  Already logging to irreducibleResult.txt
Syntax error: while parsing a 'for' loop: statement or 'od' expected in Con\
structPrimitiveIrreducible.g:27
  for et in Etype do:
                    ^
Syntax error: while parsing an 'if' statement: statement or 'fi' expected i\
n ConstructPrimitiveIrreducible.g:81
  od;
  ^^
gap> Read("ConstructPrimitiveIrreducible.g");
#I  Already logging to irreducibleResult.txt
Syntax error: while parsing an 'if' statement: statement or 'fi' expected i\
n ConstructPrimitiveIrreducible.g:83
  od;
  ^^
gap> Read("ConstructPrimitiveIrreducible.g");
#I  Already logging to irreducibleResult.txt

 --- 
Q8
 what's G0: Group( [ (2,3)(4,7)(5,9)(6,8), (2,4,3,7)(5,6,9,8), 
  (2,6,3,8)(4,5,7,9) ] )[ [ 2, 3, 4, 6, 7, 8, 5, 9 ] ]
2&1 & 3&1 & 2 & 2 & 8& E- \\ hline
 --- 
QD16
 what's G0: Group( [ (2,4)(3,7)(6,8), (2,7)(3,4)(5,9), (2,4,3,7)(5,6,9,8), 
  (2,6,3,8)(4,5,7,9) ] )[ [ 2, 4, 7, 6, 3, 5, 9, 8 ] ]
2&1 & 3&1 & 2 & 2 & 16& E- \\ hline
 --- 
SL(2,3)
 what's G0: Group( [ (2,3)(4,7)(5,9)(6,8), (2,4,3,7)(5,6,9,8), 
  (2,6,3,8)(4,5,7,9), (2,6,7)(3,8,4) ] )[ [ 2, 3, 4, 6, 7, 8, 5, 9 ] ]
2&1 & 3&1 & 2 & 2 & 24& E- \\ hline
 --- 
GL(2,3)
 what's G0: Group( [ (4,7)(5,8)(6,9), (4,6,5)(7,8,9), (2,9,3,5)(4,6,7,8), 
  (2,8,3,6)(4,9,7,5), (2,3)(4,7)(5,9)(6,8) ] )[ [ 2, 9, 8, 3, 6, 7, 5, 4 ] 
 ]
2&1 & 3&1 & 2 & 2 & 48& E- \\ hline
gap> Read("ConstructPrimitiveIrreducible.g");
#I  Already logging to irreducibleResult.txt

2&1 & 3&1 & 2 & 2 & 8& E- \\ hline
2&1 & 3&1 & 2 & 2 & 16& E- \\ hline
2&1 & 3&1 & 2 & 2 & 24& E- \\ hline
2&1 & 3&1 & 2 & 2 & 48& E- \\ hline
gap> Read("ConstructPrimitiveIrreducible.g");
#I  Already logging to irreducibleResult.txt

2&1 & 3&1 & 2 & 2 & 8& \\ hline
2&1 & 3&1 & 2 & 2 & 16& \\ hline
2&1 & 3&1 & 2 & 2 & 24& \\ hline
2&1 & 3&1 & 2 & 2 & 48& \\ hline
gap> Read("ConstructPrimitiveIrreducible.g");
#I  Already logging to irreducibleResult.txt

2&1 & 3&1 & 2 & 2 & 8 &  \\ hline
2&1 & 3&1 & 2 & 2 & 16 &  \\ hline
2&1 & 3&1 & 2 & 2 & 24 &  \\ hline
2&1 & 3&1 & 2 & 2 & 48 &  \\ hline
gap> Read("ConstructPrimitiveIrreducible.g");
#I  Already logging to irreducibleResult.txt

2 & 1 & 3 & 1 & 2 & 2 & 8 &  \\ hline
2 & 1 & 3 & 1 & 2 & 2 & 16 &  \\ hline
2 & 1 & 3 & 1 & 2 & 2 & 24 &  \\ hline
2 & 1 & 3 & 1 & 2 & 2 & 48 &  \\ hline
gap> Read("ConstructPrimitiveIrreducible.g");
#I  Already logging to irreducibleResult.txt

3 & 1 & 4 & 1 & 3 & 4 & 108 &  \\ hline
3 & 1 & 4 & 1 & 3 & 3 & 216 &  \\ hline
3 & 1 & 4 & 1 & 3 & 3 & 648 &  \\ hline
3 & 1 & 7 & 1 & 3 & 4 & 216 &  \\ hline
3 & 1 & 7 & 1 & 3 & 4 & 432 &  \\ hline
3 & 1 & 7 & 1 & 3 & 4 & 1296 &  \\ hline
gap> Read("ConstructPrimitiveIrreducible.g");
#I  Already logging to irreducibleResult.txt

2 & 1 & 3 & 1 & 2 & 2 & 8 &  \\ hline
2 & 1 & 3 & 1 & 2 & 2 & 16 &  \\ hline
2 & 1 & 3 & 1 & 2 & 2 & 24 &  \\ hline
2 & 1 & 3 & 1 & 2 & 2 & 48 &  \\ hline
2 & 1 & 5 & 1 & 2 & 2 & 24 &  \\ hline
2 & 1 & 5 & 1 & 2 & 2 & 48 &  \\ hline
2 & 1 & 5 & 1 & 2 & 2 & 96 &  \\ hline
2 & 1 & 7 & 1 & 2 & 4 & 16 &  \\ hline
2 & 1 & 7 & 1 & 2 & 3 & 24 &  \\ hline
2 & 1 & 7 & 1 & 2 & 3 & 24 &  \\ hline
2 & 1 & 7 & 1 & 2 & 3 & 24 &  \\ hline
2 & 1 & 7 & 1 & 2 & 2 & 48 &  \\ hline
2 & 1 & 7 & 1 & 2 & 2 & 48 &  \\ hline
2 & 1 & 7 & 1 & 2 & 3 & 72 &  \\ hline
2 & 1 & 7 & 1 & 2 & 2 & 144 &  \\ hline
2 & 1 & 11 & 1 & 2 & 4 & 40 &  \\ hline
2 & 1 & 11 & 1 & 2 & 3 & 80 &  \\ hline
2 & 1 & 11 & 1 & 2 & 2 & 120 &  \\ hline
2 & 1 & 11 & 1 & 2 & 2 & 240 &  \\ hline
2 & 1 & 13 & 1 & 2 & 4 & 144 &  \\ hline
2 & 1 & 13 & 1 & 2 & 3 & 288 &  \\ hline
2 & 1 & 17 & 1 & 2 & 3 & 192 &  \\ hline
2 & 1 & 17 & 1 & 2 & 3 & 192 &  \\ hline
2 & 1 & 17 & 1 & 2 & 3 & 384 &  \\ hline
2 & 1 & 19 & 1 & 2 & 4 & 144 &  \\ hline
2 & 1 & 19 & 1 & 2 & 4 & 216 &  \\ hline
2 & 1 & 19 & 1 & 2 & 3 & 432 &  \\ hline
2 & 1 & 23 & 1 & 2 & 4 & 176 &  \\ hline
2 & 1 & 23 & 1 & 2 & 3 & 264 &  \\ hline
2 & 1 & 23 & 1 & 2 & 2 & 528 &  \\ hline
2 & 1 & 29 & 1 & 2 & 4 & 336 &  \\ hline
2 & 1 & 29 & 1 & 2 & 3 & 672 &  \\ hline
2 & 1 & 31 & 1 & 2 & 3 & 720 &  \\ hline
2 & 1 & 37 & 1 & 2 & 4 & 864 &  \\ hline
2 & 1 & 41 & 1 & 2 & 4 & 960 &  \\ hline
2 & 1 & 43 & 1 & 2 & 4 & 1008 &  \\ hline
2 & 1 & 47 & 1 & 2 & 3 & 1104 &  \\ hline
2 & 1 & 53 & 1 & 2 & 4 & 1248 &  \\ hline
2 & 1 & 59 & 1 & 2 & 4 & 1392 &  \\ hline
2 & 1 & 71 & 1 & 2 & 4 & 1680 &  \\ hline
gap> Read("ConstructPrimitiveIrreducible.g");

2 & 1 & 3 & 1 & 2 & 2 & 8 & E- \\ hline
2 & 1 & 3 & 1 & 2 & 2 & 16 & E- \\ hline
2 & 1 & 3 & 1 & 2 & 2 & 24 & E- \\ hline
2 & 1 & 3 & 1 & 2 & 2 & 48 & E- \\ hline
2 & 1 & 7 & 1 & 2 & 4 & 16 & E- \\ hline
2 & 1 & 7 & 1 & 2 & 3 & 24 & E- \\ hline
2 & 1 & 7 & 1 & 2 & 3 & 24 & E- \\ hline
2 & 1 & 7 & 1 & 2 & 3 & 24 & E- \\ hline
2 & 1 & 7 & 1 & 2 & 2 & 48 & E- \\ hline
2 & 1 & 7 & 1 & 2 & 2 & 48 & E- \\ hline
2 & 1 & 7 & 1 & 2 & 3 & 72 & E- \\ hline
2 & 1 & 7 & 1 & 2 & 2 & 144 & E- \\ hline
gap> Etype;
[ "-" ]
gap> Read("ConstructPrimitiveIrreducible.g");
#I  The group tested requires many generators. `IsomorphicSubgroups' often
#I  does not perform well for such groups -- see the documentation.
#I  The group tested requires many generators. `IsomorphicSubgroups' often
#I  does not perform well for such groups -- see the documentation.
#I  The group tested requires many generators. `IsomorphicSubgroups' often
#I  does not perform well for such groups -- see the documentation.

2 & 2 & 3 & 1 & 4 & 2 & 160 & E- \\ hline#I  The group tested requires many generators. `IsomorphicSubgroups' often
#I  does not perform well for such groups -- see the documentation.

2 & 2 & 3 & 1 & 4 & 3 & 192 & E- \\ hline#I  The group tested requires many generators. `IsomorphicSubgroups' often
#I  does not perform well for such groups -- see the documentation.
#I  The group tested requires many generators. `IsomorphicSubgroups' often
#I  does not perform well for such groups -- see the documentation.

2 & 2 & 3 & 1 & 4 & 3 & 192 & E- \\ hline#I  The group tested requires many generators. `IsomorphicSubgroups' often
#I  does not perform well for such groups -- see the documentation.
#I  The group tested requires many generators. `IsomorphicSubgroups' often
#I  does not perform well for such groups -- see the documentation.
#I  The group tested requires many generators. `IsomorphicSubgroups' often
#I  does not perform well for such groups -- see the documentation.

2 & 2 & 3 & 1 & 4 & 3 & 192 & E- \\ hline#I  The group tested requires many generators. `IsomorphicSubgroups' often
#I  does not perform well for such groups -- see the documentation.

2 & 2 & 3 & 1 & 4 & 2 & 320 & E- \\ hline#I  The group tested requires many generators. `IsomorphicSubgroups' often
#I  does not perform well for such groups -- see the documentation.

2 & 2 & 3 & 1 & 4 & 3 & 384 & E- \\ hline#I  The group tested requires many generators. `IsomorphicSubgroups' often
#I  does not perform well for such groups -- see the documentation.

2 & 2 & 3 & 1 & 4 & 2 & 640 & E- \\ hline#I  The group tested requires many generators. `IsomorphicSubgroups' often
#I  does not perform well for such groups -- see the documentation.

2 & 2 & 3 & 1 & 4 & 4 & 96 & E+ \\ hline#I  The group tested requires many generators. `IsomorphicSubgroups' often
#I  does not perform well for such groups -- see the documentation.
#I  The group tested requires many generators. `IsomorphicSubgroups' often
#I  does not perform well for such groups -- see the documentation.

2 & 2 & 3 & 1 & 4 & 3 & 192 & E+ \\ hline#I  The group tested requires many generators. `IsomorphicSubgroups' often
#I  does not perform well for such groups -- see the documentation.

2 & 2 & 3 & 1 & 4 & 3 & 192 & E+ \\ hline#I  The group tested requires many generators. `IsomorphicSubgroups' often
#I  does not perform well for such groups -- see the documentation.
#I  The group tested requires many generators. `IsomorphicSubgroups' often
#I  does not perform well for such groups -- see the documentation.

2 & 2 & 3 & 1 & 4 & 4 & 192 & E+ \\ hline#I  The group tested requires many generators. `IsomorphicSubgroups' often
#I  does not perform well for such groups -- see the documentation.
#I  The group tested requires many generators. `IsomorphicSubgroups' often
#I  does not perform well for such groups -- see the documentation.

2 & 2 & 3 & 1 & 4 & 4 & 288 & E+ \\ hline#I  The group tested requires many generators. `IsomorphicSubgroups' often
#I  does not perform well for such groups -- see the documentation.

2 & 2 & 3 & 1 & 4 & 3 & 384 & E+ \\ hline#I  The group tested requires many generators. `IsomorphicSubgroups' often
#I  does not perform well for such groups -- see the documentation.

2 & 2 & 3 & 1 & 4 & 4 & 576 & E+ \\ hline#I  The group tested requires many generators. `IsomorphicSubgroups' often
#I  does not perform well for such groups -- see the documentation.

2 & 2 & 3 & 1 & 4 & 4 & 576 & E+ \\ hline#I  The group tested requires many generators. `IsomorphicSubgroups' often
#I  does not perform well for such groups -- see the documentation.

2 & 2 & 3 & 1 & 4 & 3 & 576 & E+ \\ hline#I  The group tested requires many generators. `IsomorphicSubgroups' often
#I  does not perform well for such groups -- see the documentation.

2 & 2 & 3 & 1 & 4 & 4 & 1152 & E+ \\ hline#I  The group tested requires many generators. `IsomorphicSubgroups' often
#I  does not perform well for such groups -- see the documentation.

2 & 2 & 3 & 1 & 4 & 3 & 1152 & E+ \\ hline#I  The group tested requires many generators. `IsomorphicSubgroups' often
#I  does not perform well for such groups -- see the documentation.
Error, user interrupt in
  pp := ShallowCopy( pp )
 ; at /usr/local/Cellar/gap/4.11.1/libexec/lib/polyfinf.gi:565 called from 
FFPOrderKnownDividend( R, bas, g[1], g[3] 
 ) at /usr/local/Cellar/gap/4.11.1/libexec/lib/polyfinf.gi:758 called from
ProjectiveOrder( p 
 ) at /usr/local/Cellar/gap/4.11.1/libexec/lib/matrix.gi:2263 called from
ProjectiveOrder( mat 
 ) at /usr/local/Cellar/gap/4.11.1/libexec/lib/matrix.gi:1142 called from
Order( MappedWord( i[5], free{[ tlev .. len ]}, imgs ) 
 ) at /usr/local/Cellar/gap/4.11.1/libexec/lib/morpheus.gi:1079 called from
func( elm ) at /usr/local/Cellar/gap/4.11.1/libexec/lib/coll.gi:1565 called from
...  at ConstructPrimitiveIrreducible.g:82
you can 'return;'
brk> quit;
gap> Read("ConstructPrimitiveIrreducible.g");

2 & 2 & 3 & 1 & 4 & 3 & 40 & E- \\ hline
2 & 2 & 3 & 1 & 4 & 4 & 96 & E- \\ hline
2 & 2 & 3 & 1 & 4 & 4 & 96 & E- \\ hline
2 & 2 & 3 & 1 & 4 & 3 & 96 & E- \\ hline
2 & 2 & 3 & 1 & 4 & 3 & 96 & E- \\ hline
2 & 2 & 3 & 1 & 4 & 3 & 96 & E- \\ hline
2 & 2 & 3 & 1 & 4 & 2 & 160 & E- \\ hline
2 & 2 & 3 & 1 & 4 & 3 & 192 & E- \\ hline
2 & 2 & 3 & 1 & 4 & 3 & 192 & E- \\ hline
2 & 2 & 3 & 1 & 4 & 4 & 192 & E- \\ hline
2 & 2 & 3 & 1 & 4 & 3 & 192 & E- \\ hline
2 & 2 & 3 & 1 & 4 & 3 & 192 & E- \\ hline
2 & 2 & 3 & 1 & 4 & 3 & 192 & E- \\ hline
2 & 2 & 3 & 1 & 4 & 2 & 320 & E- \\ hline
2 & 2 & 3 & 1 & 4 & 3 & 384 & E- \\ hline
2 & 2 & 3 & 1 & 4 & 2 & 640 & E- \\ hline
2 & 2 & 3 & 1 & 4 & 4 & 96 & E+ \\ hline
2 & 2 & 3 & 1 & 4 & 4 & 96 & E+ \\ hline
2 & 2 & 3 & 1 & 4 & 3 & 96 & E+ \\ hline
2 & 2 & 3 & 1 & 4 & 3 & 96 & E+ \\ hline
2 & 2 & 3 & 1 & 4 & 3 & 192 & E+ \\ hline
2 & 2 & 3 & 1 & 4 & 3 & 192 & E+ \\ hline
2 & 2 & 3 & 1 & 4 & 3 & 192 & E+ \\ hline
2 & 2 & 3 & 1 & 4 & 3 & 192 & E+ \\ hline
2 & 2 & 3 & 1 & 4 & 4 & 192 & E+ \\ hline
2 & 2 & 3 & 1 & 4 & 3 & 192 & E+ \\ hline
2 & 2 & 3 & 1 & 4 & 4 & 288 & E+ \\ hline
2 & 2 & 3 & 1 & 4 & 3 & 384 & E+ \\ hline
2 & 2 & 3 & 1 & 4 & 4 & 576 & E+ \\ hline
2 & 2 & 3 & 1 & 4 & 3 & 576 & E+ \\ hline
2 & 2 & 3 & 1 & 4 & 4 & 576 & E+ \\ hline
2 & 2 & 3 & 1 & 4 & 3 & 1152 & E+ \\ hline
2 & 2 & 3 & 1 & 4 & 4 & 1152 & E+ \\ hline
2 & 2 & 3 & 1 & 4 & 3 & 1152 & E+ \\ hline
2 & 2 & 3 & 1 & 4 & 3 & 2304 & E+ \\ hline
2 & 2 & 7 & 1 & 4 & 3 & 1920 & E- \\ hline
gap> Read("ConstructPrimitiveIrreducible.g");
#I  The group tested requires many generators. `IsomorphicSubgroups' often
#I  does not perform well for such groups -- see the documentation.
#I  The group tested requires many generators. `IsomorphicSubgroups' often
#I  does not perform well for such groups -- see the documentation.
#I  The group tested requires many generators. `IsomorphicSubgroups' often
#I  does not perform well for such groups -- see the documentation.
Error, user interrupt in
  return rep; at /usr/local/Cellar/gap/4.11.1/libexec/lib/stbc.gi:1282 called from 
InverseRepresentative( S, f 
 ) at /usr/local/Cellar/gap/4.11.1/libexec/lib/oprtperm.gi:1323 called from
RepresentativeActionOp( ImagesSource( hom ), xset!.basePermImage, imgs, 
 OnTuples ) at /usr/local/Cellar/gap/4.11.1/libexec/lib/oprt.gi:3114 called from
ImagesRepresentative( nice, elm 
 ) at /usr/local/Cellar/gap/4.11.1/libexec/lib/grpnice.gi:225 called from
x / Representative( C ) in ActingDomain( C )
  at /usr/local/Cellar/gap/4.11.1/libexec/lib/csetgrp.gi:1664 called from
elm in cs!.cosets[i]
  at /usr/local/Cellar/gap/4.11.1/libexec/lib/csetgrp.gi:1612 called from
...  at ConstructPrimitiveIrreducible.g:82
you can 'return;'
brk> quit;
#I  Options stack has been reset
gap> Read("ConstructPrimitiveIrreducible.g");

2 & 2 & 5 & 1 & 4 & 4 & 1152 &  \\ hline
2 & 2 & 5 & 1 & 4 & 4 & 1152 &  \\ hline
2 & 2 & 5 & 1 & 4 & 4 & 2304 &  \\ hline
2 & 2 & 5 & 1 & 4 & 4 & 2304 &  \\ hline
2 & 2 & 5 & 1 & 4 & 4 & 4608 &  \\ hline
gap> Read("ConstructPrimitiveIrreducible.g");

2 & 2 & 3 & 1 & 4 & 3 & 40 &  & [ 40, 3 ] \\ hline
2 & 2 & 3 & 1 & 4 & 4 & 96 &  & [ 96, 201 ] \\ hline
2 & 2 & 3 & 1 & 4 & 3 & 96 &  & [ 96, 191 ] \\ hline
2 & 2 & 3 & 1 & 4 & 3 & 96 &  & [ 96, 74 ] \\ hline
2 & 2 & 3 & 1 & 4 & 4 & 96 &  & [ 96, 67 ] \\ hline
2 & 2 & 3 & 1 & 4 & 3 & 96 &  & [ 96, 191 ] \\ hline
2 & 2 & 3 & 1 & 4 & 2 & 160 &  & [ 160, 199 ] \\ hline
2 & 2 & 3 & 1 & 4 & 3 & 192 &  & [ 192, 963 ] \\ hline
2 & 2 & 3 & 1 & 4 & 3 & 192 &  & [ 192, 1018 ] \\ hline
2 & 2 & 3 & 1 & 4 & 3 & 192 &  & [ 192, 1483 ] \\ hline
2 & 2 & 3 & 1 & 4 & 4 & 192 &  & [ 192, 988 ] \\ hline
2 & 2 & 3 & 1 & 4 & 3 & 192 &  & [ 192, 965 ] \\ hline
2 & 2 & 3 & 1 & 4 & 3 & 192 &  & [ 192, 989 ] \\ hline
2 & 2 & 3 & 1 & 4 & 2 & 320 &  & [ 320, 1581 ] \\ hline
2 & 2 & 3 & 1 & 4 & 3 & 384 &  & [ 384, 18045 ] \\ hline
2 & 2 & 3 & 1 & 4 & 2 & 640 &  & [ 640, 21454 ] \\ hline
2 & 2 & 3 & 1 & 4 & 4 & 96 &  & [ 96, 201 ] \\ hline
2 & 2 & 3 & 1 & 4 & 4 & 96 &  & [ 96, 67 ] \\ hline
2 & 2 & 3 & 1 & 4 & 3 & 96 &  & [ 96, 191 ] \\ hline
2 & 2 & 3 & 1 & 4 & 3 & 96 &  & [ 96, 74 ] \\ hline
2 & 2 & 3 & 1 & 4 & 3 & 192 &  & [ 192, 1483 ] \\ hline
2 & 2 & 3 & 1 & 4 & 3 & 192 &  & [ 192, 1018 ] \\ hline
2 & 2 & 3 & 1 & 4 & 3 & 192 &  & [ 192, 989 ] \\ hline
2 & 2 & 3 & 1 & 4 & 4 & 192 &  & [ 192, 988 ] \\ hline
2 & 2 & 3 & 1 & 4 & 3 & 192 &  & [ 192, 965 ] \\ hline
2 & 2 & 3 & 1 & 4 & 3 & 192 &  & [ 192, 963 ] \\ hline
2 & 2 & 3 & 1 & 4 & 4 & 288 &  & [ 288, 860 ] \\ hline
2 & 2 & 3 & 1 & 4 & 3 & 384 &  & [ 384, 18045 ] \\ hline
2 & 2 & 3 & 1 & 4 & 4 & 576 &  & [ 576, 8282 ] \\ hline
2 & 2 & 3 & 1 & 4 & 3 & 576 &  & [ 576, 8274 ] \\ hline
2 & 2 & 3 & 1 & 4 & 4 & 576 &  & [ 576, 8277 ] \\ hline
2 & 2 & 3 & 1 & 4 & 3 & 1152 &  & [ 1152, 157467 ] \\ hline
2 & 2 & 3 & 1 & 4 & 4 & 1152 &  & [ 1152, 157478 ] \\ hline
2 & 2 & 3 & 1 & 4 & 3 & 1152 &  & [ 1152, 157452 ] \\ hline
2 & 2 & 3 & 1 & 4 & 3 & 2304 &  &  \\ hline
gap> Read("ConstructPrimitiveIrreducible.g");
#I  The group tested requires many generators. `IsomorphicSubgroups' often
#I  does not perform well for such groups -- see the documentation.

2 & 2 & 3 & 1 & 4 & 2 & 160 & E- & [ 160, 199 ] \\ hline#I  The group tested requires many generators. `IsomorphicSubgroups' often
#I  does not perform well for such groups -- see the documentation.
#I  The group tested requires many generators. `IsomorphicSubgroups' often
#I  does not perform well for such groups -- see the documentation.

2 & 2 & 3 & 1 & 4 & 3 & 192 & E- & [ 192, 1483 ] \\ hline#I  The group tested requires many generators. `IsomorphicSubgroups' often
#I  does not perform well for such groups -- see the documentation.

2 & 2 & 3 & 1 & 4 & 3 & 192 & E- & [ 192, 1018 ] \\ hline#I  The group tested requires many generators. `IsomorphicSubgroups' often
#I  does not perform well for such groups -- see the documentation.
#I  The group tested requires many generators. `IsomorphicSubgroups' often
#I  does not perform well for such groups -- see the documentation.

2 & 2 & 3 & 1 & 4 & 3 & 192 & E- & [ 192, 989 ] \\ hline#I  The group tested requires many generators. `IsomorphicSubgroups' often
#I  does not perform well for such groups -- see the documentation.
#I  The group tested requires many generators. `IsomorphicSubgroups' often
#I  does not perform well for such groups -- see the documentation.

2 & 2 & 3 & 1 & 4 & 2 & 320 & E- & [ 320, 1581 ] \\ hline#I  The group tested requires many generators. `IsomorphicSubgroups' often
#I  does not perform well for such groups -- see the documentation.

2 & 2 & 3 & 1 & 4 & 3 & 384 & E- & [ 384, 18045 ] \\ hline
2 & 2 & 3 & 1 & 4 & 2 & 640 & E- & [ 640, 21454 ] \\ hline#I  The group tested requires many generators. `IsomorphicSubgroups' often
#I  does not perform well for such groups -- see the documentation.

2 & 2 & 3 & 1 & 4 & 4 & 96 & E+ & [ 96, 201 ] \\ hline#I  The group tested requires many generators. `IsomorphicSubgroups' often
#I  does not perform well for such groups -- see the documentation.

2 & 2 & 3 & 1 & 4 & 3 & 192 & E+ & [ 192, 1483 ] \\ hline#I  The group tested requires many generators. `IsomorphicSubgroups' often
#I  does not perform well for such groups -- see the documentation.
#I  The group tested requires many generators. `IsomorphicSubgroups' often
#I  does not perform well for such groups -- see the documentation.

2 & 2 & 3 & 1 & 4 & 3 & 192 & E+ & [ 192, 1018 ] \\ hline#I  The group tested requires many generators. `IsomorphicSubgroups' often
#I  does not perform well for such groups -- see the documentation.

2 & 2 & 3 & 1 & 4 & 4 & 192 & E+ & [ 192, 988 ] \\ hline#I  The group tested requires many generators. `IsomorphicSubgroups' often
#I  does not perform well for such groups -- see the documentation.
#I  The group tested requires many generators. `IsomorphicSubgroups' often
#I  does not perform well for such groups -- see the documentation.

2 & 2 & 3 & 1 & 4 & 4 & 288 & E+ & [ 288, 860 ] \\ hline#I  The group tested requires many generators. `IsomorphicSubgroups' often
#I  does not perform well for such groups -- see the documentation.

2 & 2 & 3 & 1 & 4 & 3 & 384 & E+ & [ 384, 18045 ] \\ hline#I  The group tested requires many generators. `IsomorphicSubgroups' often
#I  does not perform well for such groups -- see the documentation.

2 & 2 & 3 & 1 & 4 & 4 & 576 & E+ & [ 576, 8282 ] \\ hline#I  The group tested requires many generators. `IsomorphicSubgroups' often
#I  does not perform well for such groups -- see the documentation.

2 & 2 & 3 & 1 & 4 & 4 & 576 & E+ & [ 576, 8277 ] \\ hline#I  The group tested requires many generators. `IsomorphicSubgroups' often
#I  does not perform well for such groups -- see the documentation.

2 & 2 & 3 & 1 & 4 & 3 & 576 & E+ & [ 576, 8274 ] \\ hline#I  The group tested requires many generators. `IsomorphicSubgroups' often
#I  does not perform well for such groups -- see the documentation.

2 & 2 & 3 & 1 & 4 & 4 & 1152 & E+ & [ 1152, 157478 ] \\ hline#I  The group tested requires many generators. `IsomorphicSubgroups' often
#I  does not perform well for such groups -- see the documentation.

2 & 2 & 3 & 1 & 4 & 3 & 1152 & E+ & [ 1152, 157452 ] \\ hline#I  The group tested requires many generators. `IsomorphicSubgroups' often
#I  does not perform well for such groups -- see the documentation.

2 & 2 & 3 & 1 & 4 & 3 & 1152 & E+ & [ 1152, 157467 ] \\ hline#I  The group tested requires many generators. `IsomorphicSubgroups' often
#I  does not perform well for such groups -- see the documentation.

2 & 2 & 3 & 1 & 4 & 3 & 2304 & E+ &  \\ hline
2 & 2 & 7 & 1 & 4 & 3 & 1920 & E- & [ 1920, 237200 ] \\ hline
gap> Read("ConstructPrimitiveIrreducible.g");
#I  The group tested requires many generators. `IsomorphicSubgroups' often
#I  does not perform well for such groups -- see the documentation.
Error, user interrupt in
  return img; at /usr/local/Cellar/gap/4.11.1/libexec/lib/mapphomo.gi:327 called from 
ImagesSet( nice, G 
 ) at /usr/local/Cellar/gap/4.11.1/libexec/lib/grpnice.gi:135 called from
NiceObject( obj1 
 ) at /usr/local/Cellar/gap/4.11.1/libexec/lib/grpnice.gi:305 called from
ClosureGroup( G, obj 
 ) at /usr/local/Cellar/gap/4.11.1/libexec/lib/grp.gi:2401 called from
ClosureSubgroupNC( st, rep[i] * lstgens[j] / rep[oi[ps]] 
 ) at /usr/local/Cellar/gap/4.11.1/libexec/lib/csetgrp.gi:1250 called from
DoubleCosetRepsAndSizes( G, C, D 
 ) at /usr/local/Cellar/gap/4.11.1/libexec/lib/morpheus.gi:854 called from
...  at ConstructPrimitiveIrreducible.g:85
you can 'return;'
brk> Read("ConstructPrimitiveIrreducible.g");

2 & 2 & 5 & 1 & 4 & 4 & 1152 &  & [ 1152, 155466 ] \\ hline
2 & 2 & 5 & 1 & 4 & 4 & 1152 &  & [ 1152, 157451 ] \\ hline
2 & 2 & 5 & 1 & 4 & 4 & 2304 &  &  \\ hline
2 & 2 & 5 & 1 & 4 & 4 & 2304 &  &  \\ hline
2 & 2 & 5 & 1 & 4 & 4 & 4608 &  &  \\ hline
brk> 